TARGET C:\Users\jfpru\Desktop\proyectos\DontKillTheVibes\benchmark\work\aurora-synth candidateFiles=104 pattern=201chars
START src/ui/visuals.js bytes=122242
DONE src/ui/visuals.js 1ms
START src/demo/generator.js bytes=109257
DONE src/demo/generator.js 6ms
START src/ui/components.js bytes=73723
DONE src/ui/components.js 1ms
START src/dsp/engines/phys.js bytes=62176
DONE src/dsp/engines/phys.js 0ms
START src/demo/moods.js bytes=58986
DONE src/demo/moods.js 5ms
START tools/video/overlays/overlay.js bytes=55269
DONE tools/video/overlays/overlay.js 1ms
START src/dsp/filter.js bytes=47716
DONE src/dsp/filter.js 0ms
START src/ui/demo/jam.js bytes=43839
DONE src/ui/demo/jam.js 10ms
START src/dsp/engines/osc.js bytes=41037
DONE src/dsp/engines/osc.js 0ms
START src/dsp/ensemble.js bytes=40961
DONE src/dsp/ensemble.js 0ms
START src/ui/main.js bytes=39995
DONE src/ui/main.js 94ms
START src/ui/app/store.js bytes=35783
DONE src/ui/app/store.js 1ms
START src/dsp/engines/fm.js bytes=35572
DONE src/dsp/engines/fm.js 1ms
START src/demo/songlib.js bytes=34856
