TARGET C:\Users\jfpru\Desktop\proyectos\DontKillTheVibes\benchmark\work\aurora-synth rules=186
START code-bare-except-1
DONE code-bare-except-1 38ms findings=0 longLine=0
START code-bare-except-with-others-2
DONE code-bare-except-with-others-2 15ms findings=0 longLine=0
START code-boilerplate-repetition-7
DONE code-boilerplate-repetition-7 104ms findings=0 longLine=0
START code-boolean-parameter-plague-11
DONE code-boolean-parameter-plague-11 15ms findings=0 longLine=0
START code-callback-hell-10
DONE code-callback-hell-10 15ms findings=0 longLine=0
START code-catch-and-continue-9
DONE code-catch-and-continue-9 15ms findings=0 longLine=0
START code-console-log-7
DONE code-console-log-7 51ms findings=0 longLine=0
START code-deep-inheritance-9
DONE code-deep-inheritance-9 14ms findings=0 longLine=0
START code-empty-catch-1
DONE code-empty-catch-1 60ms findings=0 longLine=0
START code-error-assigned-unused-2
DONE code-error-assigned-unused-2 15ms findings=0 longLine=0
START code-exact-duplication-massive-1
DONE code-exact-duplication-massive-1 352ms findings=0 longLine=0
START code-exact-duplication-minor-3
DONE code-exact-duplication-minor-3 312ms findings=3 longLine=0
START code-exact-duplication-significant-2
DONE code-exact-duplication-significant-2 296ms findings=0 longLine=0
START code-extreme-complexity-1
DONE code-extreme-complexity-1 32ms findings=20 longLine=0
START code-extreme-length-6
DONE code-extreme-length-6 30ms findings=20 longLine=0
START code-extreme-nesting-4
DONE code-extreme-nesting-4 11ms findings=0 longLine=0
START code-generic-catch-2
DONE code-generic-catch-2 13ms findings=0 longLine=0
START code-god-object-6
DONE code-god-object-6 10ms findings=0 longLine=0
START code-god-package-9
DONE code-god-package-9 13ms findings=0 longLine=0
START code-high-complexity-2
DONE code-high-complexity-2 27ms findings=20 longLine=0
START code-high-nesting-5
DONE code-high-nesting-5 10ms findings=0 longLine=0
START code-interface-bloat-8
DONE code-interface-bloat-8 13ms findings=0 longLine=0
START code-logs-secrets-10
DONE code-logs-secrets-10 48ms findings=0 longLine=0
START code-long-function-7
DONE code-long-function-7 26ms findings=20 longLine=0
START code-long-parameter-list-8
DONE code-long-parameter-list-8 11ms findings=0 longLine=0
START code-loose-equality-1
DONE code-loose-equality-1 9ms findings=0 longLine=0
START code-loose-inequality-2
DONE code-loose-inequality-2 12ms findings=0 longLine=0
START code-many-params-10
